$ ./bcd
BCD_BASE == 2, sizeof(Bcd) == 4  #upto 8 digits
>> 123456789
BCD overflow
>> 12345678 + 2
12345680 (305419904)
>> 12345678 * 2
24691356 (610866006)
>> 99999998 + 1
99999999 (2576980377)
>> 99999998 + 2
BCD overflow
>> 49999999 * 2
99999998 (2576980376)
>> 50000000 * 2
BCD overflow
>>                  # type ^D to exit

$ ./bcd-0
BCD_BASE == 0, sizeof(Bcd) == 1   #upto 2 digits
>> 100
BCD overflow
>> 12 + 9
21 (33)
>> 95 + 4
99 (153)
>> 95 + 5
BCD overflow
>> 49 * 2
98 (152)
>> 50 * 2
BCD overflow
>> 50 + 49
99 (153)
>>                  # type ^D to exit
$ 